jun 01, 2026 12:08:50 A. M. es.etg.dam.grados.util.LogUtil escribirLog
SEVERE: Connection reset
java.net.SocketException: Connection reset
	at java.base/sun.nio.ch.NioSocketImpl.implRead(NioSocketImpl.java:316)
	at java.base/sun.nio.ch.NioSocketImpl.read(NioSocketImpl.java:354)
	at java.base/sun.nio.ch.NioSocketImpl$1.read(NioSocketImpl.java:798)
	at java.base/java.net.Socket$SocketInputStream.implRead(Socket.java:974)
	at java.base/java.net.Socket$SocketInputStream.read(Socket.java:964)
	at java.base/java.io.DataInputStream.readFully(DataInputStream.java:213)
	at java.base/java.io.DataInputStream.readUnsignedShort(DataInputStream.java:346)
	at java.base/java.io.DataInputStream.readUTF(DataInputStream.java:580)
	at java.base/java.io.DataInputStream.readUTF(DataInputStream.java:555)
	at es.etg.dam.grados.conexion.Conexion.leer(Conexion.java:27)
	at es.etg.dam.grados.cliente.Cliente.main(Cliente.java:36)

jun 01, 2026 12:17:33 A. M. es.etg.dam.grados.util.LogUtil escribirLog
SEVERE: Connection reset
java.net.SocketException: Connection reset
	at java.base/sun.nio.ch.NioSocketImpl.implRead(NioSocketImpl.java:316)
	at java.base/sun.nio.ch.NioSocketImpl.read(NioSocketImpl.java:354)
	at java.base/sun.nio.ch.NioSocketImpl$1.read(NioSocketImpl.java:798)
	at java.base/java.net.Socket$SocketInputStream.implRead(Socket.java:974)
	at java.base/java.net.Socket$SocketInputStream.read(Socket.java:964)
	at java.base/java.io.DataInputStream.readFully(DataInputStream.java:213)
	at java.base/java.io.DataInputStream.readUnsignedShort(DataInputStream.java:346)
	at java.base/java.io.DataInputStream.readUTF(DataInputStream.java:580)
	at java.base/java.io.DataInputStream.readUTF(DataInputStream.java:555)
	at es.etg.dam.grados.conexion.Conexion.leer(Conexion.java:27)
	at es.etg.dam.grados.cliente.Cliente.main(Cliente.java:36)

jun 01, 2026 12:20:11 A. M. es.etg.dam.grados.util.LogUtil escribirLog
SEVERE: Connection reset
java.net.SocketException: Connection reset
	at java.base/sun.nio.ch.NioSocketImpl.implRead(NioSocketImpl.java:316)
	at java.base/sun.nio.ch.NioSocketImpl.read(NioSocketImpl.java:354)
	at java.base/sun.nio.ch.NioSocketImpl$1.read(NioSocketImpl.java:798)
	at java.base/java.net.Socket$SocketInputStream.implRead(Socket.java:974)
	at java.base/java.net.Socket$SocketInputStream.read(Socket.java:964)
	at java.base/java.io.DataInputStream.readFully(DataInputStream.java:213)
	at java.base/java.io.DataInputStream.readUnsignedShort(DataInputStream.java:346)
	at java.base/java.io.DataInputStream.readUTF(DataInputStream.java:580)
	at java.base/java.io.DataInputStream.readUTF(DataInputStream.java:555)
	at es.etg.dam.grados.conexion.Conexion.leer(Conexion.java:27)
	at es.etg.dam.grados.cliente.Cliente.main(Cliente.java:36)

jun 01, 2026 12:26:11 A. M. es.etg.dam.grados.util.LogUtil escribirLog
SEVERE: Connection reset
java.net.SocketException: Connection reset
	at java.base/sun.nio.ch.NioSocketImpl.implRead(NioSocketImpl.java:316)
	at java.base/sun.nio.ch.NioSocketImpl.read(NioSocketImpl.java:354)
	at java.base/sun.nio.ch.NioSocketImpl$1.read(NioSocketImpl.java:798)
	at java.base/java.net.Socket$SocketInputStream.implRead(Socket.java:974)
	at java.base/java.net.Socket$SocketInputStream.read(Socket.java:964)
	at java.base/java.io.DataInputStream.readFully(DataInputStream.java:213)
	at java.base/java.io.DataInputStream.readUnsignedShort(DataInputStream.java:346)
	at java.base/java.io.DataInputStream.readUTF(DataInputStream.java:580)
	at java.base/java.io.DataInputStream.readUTF(DataInputStream.java:555)
	at es.etg.dam.grados.conexion.Conexion.leer(Conexion.java:27)
	at es.etg.dam.grados.cliente.Cliente.main(Cliente.java:36)

jun 01, 2026 12:30:30 A. M. es.etg.dam.grados.util.LogUtil escribirLog
SEVERE: Connection reset
java.net.SocketException: Connection reset
	at java.base/sun.nio.ch.NioSocketImpl.implRead(NioSocketImpl.java:316)
	at java.base/sun.nio.ch.NioSocketImpl.read(NioSocketImpl.java:354)
	at java.base/sun.nio.ch.NioSocketImpl$1.read(NioSocketImpl.java:798)
	at java.base/java.net.Socket$SocketInputStream.implRead(Socket.java:974)
	at java.base/java.net.Socket$SocketInputStream.read(Socket.java:964)
	at java.base/java.io.DataInputStream.readFully(DataInputStream.java:213)
	at java.base/java.io.DataInputStream.readUnsignedShort(DataInputStream.java:346)
	at java.base/java.io.DataInputStream.readUTF(DataInputStream.java:580)
	at java.base/java.io.DataInputStream.readUTF(DataInputStream.java:555)
	at es.etg.dam.grados.conexion.Conexion.leer(Conexion.java:27)
	at es.etg.dam.grados.cliente.Cliente.main(Cliente.java:36)

